13:28:17 | INFO    | ======================================================================
13:28:17 | INFO    | MODEL B — Quantum-Assisted PINN (QAPINN) — Burgers' Equation
13:28:17 | INFO    | ======================================================================
13:28:17 | INFO    | Device: cpu
13:28:17 | INFO    | Quantum config: 4 qubits, depth=3, encoding=angle_reuploading, entanglement=circular, input_mode=direct
13:28:17 | INFO    | Loaded cached reference solution from outputs\reference\burgers_reference.npz
13:28:17 | INFO    | Sampling training points: 800 collocation, 200 IC, 200x2 BC
13:28:17 | INFO    | Trainable parameters: 85
13:28:19 | INFO    | Phase 1/2: Adam — epochs 1..300, lr=0.001 | early stopping: disabled
13:28:19 | INFO    | [Adam     1/300] total=3.337e+00 pde=2.557e+00 ic=6.494e-01 bc=1.309e-01 lr=1.00e-03 q_grad_norm=2.311e+00 t=2.5s
13:29:12 | INFO    | [Adam   100/300] total=7.992e-01 pde=2.789e-01 ic=5.080e-01 bc=1.240e-02 lr=1.00e-03 q_grad_norm=3.211e-01 t=55.7s
13:30:09 | INFO    | [Adam   200/300] total=5.375e-01 pde=5.963e-02 ic=4.773e-01 bc=5.688e-04 lr=1.00e-03 q_grad_norm=7.901e-02 t=111.9s
13:31:08 | INFO    | [Adam   300/300] total=4.861e-01 pde=1.526e-02 ic=4.708e-01 bc=2.518e-05 lr=1.00e-03 q_grad_norm=2.554e-02 t=171.7s
13:31:08 | INFO    | Phase 2/2: L-BFGS — up to 100 iterations
13:31:09 | INFO    | [LBFGS     1] total=4.859e-01 pde=1.505e-02 ic=4.708e-01 bc=2.468e-05 q_grad_norm=2.528e-02 t=0.6s
13:32:13 | INFO    | [LBFGS   100] total=4.363e-01 pde=3.162e-02 ic=4.046e-01 bc=1.290e-04 q_grad_norm=1.073e-02 t=64.4s
13:32:19 | INFO    | Training complete. Total time: 242.0s (Adam: 171.7s, LBFGS: 70.1s). Best total loss: 4.347e-01
13:32:37 | INFO    | Evaluation metrics:
13:32:37 | INFO    |   l2_relative_error: 0.9834642597642519
13:32:37 | INFO    |   max_abs_error: 1.0031691490564074
13:32:37 | INFO    |   mean_abs_error: 0.526620446960233
13:32:37 | INFO    |   shock_region_l2_relative_error: 1.0002859764058551
13:32:37 | INFO    |   shock_region_max_abs_error: 0.9651382026936475
13:32:37 | INFO    |   pde_residual_mean_abs: 0.12504063546657562
13:32:37 | INFO    |   pde_residual_max_abs: 1.3876051902770996
13:32:37 | INFO    |   pde_residual_rmse: 0.2096160501241684
13:32:37 | INFO    |   fourier_spectrum_l2_relative_error: 0.8702340016468852
13:32:37 | INFO    |   num_trainable_parameters: 85
13:32:37 | INFO    | Metrics saved to outputs\metrics\angle_reuploading_800_metrics.json
13:32:37 | INFO    | Generating figures...
13:32:39 | INFO    | Figures saved to outputs\figures\angle_reuploading_800/
13:32:39 | INFO    | ======================================================================
13:32:39 | INFO    | SUMMARY — Model B (QAPINN)
13:32:39 | INFO    | ======================================================================
13:32:39 | INFO    | L2 relative error (global):        9.8346e-01
13:32:39 | INFO    | L2 relative error (shock region):  1.0003e+00
13:32:39 | INFO    | Max absolute error:                1.0032e+00
13:32:39 | INFO    | PDE residual RMSE:                 2.0962e-01
13:32:39 | INFO    | Fourier spectrum L2 error:          8.7023e-01
13:32:39 | INFO    | Trainable parameters:                85
13:32:39 | INFO    | Full metrics JSON: outputs\metrics\angle_reuploading_800_metrics.json
13:32:39 | INFO    | Compare this against outputs/metrics/model_a_classical_pinn_metrics.json
