23:21:05 | INFO    | ======================================================================
23:21:05 | INFO    | MODEL B — Quantum-Assisted PINN (QAPINN) — Burgers' Equation
23:21:05 | INFO    | ======================================================================
23:21:05 | INFO    | Device: cpu
23:21:05 | INFO    | Quantum config: 4 qubits, depth=3, encoding=amplitude, entanglement=circular, input_mode=preprocessed
23:21:05 | INFO    | Loaded cached reference solution from outputs\reference\burgers_reference.npz
23:21:05 | INFO    | Sampling training points: 4000 collocation, 200 IC, 200x2 BC
23:21:05 | INFO    | Trainable parameters: 107
23:21:08 | INFO    | Phase 1/2: Adam — epochs 1..3000, lr=0.001 | early stopping: disabled
23:21:08 | INFO    | [Adam     1/3000] total=6.216e-01 pde=5.208e-03 ic=5.991e-01 bc=1.722e-02 lr=1.00e-03 q_grad_norm=2.161e-01 t=2.9s
23:21:37 | INFO    | [Adam   100/3000] total=3.374e-01 pde=6.555e-03 ic=3.148e-01 bc=1.604e-02 lr=1.00e-03 q_grad_norm=1.439e-01 t=31.7s
23:22:08 | INFO    | [Adam   200/3000] total=2.041e-01 pde=3.585e-02 ic=1.411e-01 bc=2.717e-02 lr=1.00e-03 q_grad_norm=3.944e-02 t=62.5s
23:22:41 | INFO    | [Adam   300/3000] total=1.701e-01 pde=4.314e-02 ic=1.136e-01 bc=1.337e-02 lr=1.00e-03 q_grad_norm=4.502e-02 t=95.5s
23:23:17 | INFO    | [Adam   400/3000] total=1.519e-01 pde=5.074e-02 ic=9.221e-02 bc=8.920e-03 lr=1.00e-03 q_grad_norm=2.190e-02 t=131.2s
23:24:03 | INFO    | [Adam   500/3000] total=1.477e-01 pde=5.205e-02 ic=8.713e-02 bc=8.567e-03 lr=1.00e-03 q_grad_norm=1.311e-02 t=177.6s
23:24:51 | INFO    | [Adam   600/3000] total=1.451e-01 pde=5.166e-02 ic=8.502e-02 bc=8.397e-03 lr=1.00e-03 q_grad_norm=1.231e-02 t=225.4s
23:25:28 | INFO    | [Adam   700/3000] total=1.423e-01 pde=5.087e-02 ic=8.321e-02 bc=8.233e-03 lr=1.00e-03 q_grad_norm=1.206e-02 t=262.9s
23:26:06 | INFO    | [Adam   800/3000] total=1.398e-01 pde=5.017e-02 ic=8.165e-02 bc=7.987e-03 lr=5.00e-04 q_grad_norm=1.276e-02 t=300.7s
23:26:44 | INFO    | [Adam   900/3000] total=1.377e-01 pde=4.978e-02 ic=8.019e-02 bc=7.745e-03 lr=5.00e-04 q_grad_norm=1.359e-02 t=338.4s
23:27:22 | INFO    | [Adam  1000/3000] total=1.353e-01 pde=4.956e-02 ic=7.833e-02 bc=7.457e-03 lr=5.00e-04 q_grad_norm=1.348e-02 t=376.3s
23:28:00 | INFO    | [Adam  1100/3000] total=1.332e-01 pde=4.954e-02 ic=7.646e-02 bc=7.157e-03 lr=5.00e-04 q_grad_norm=1.189e-02 t=414.2s
23:28:50 | INFO    | [Adam  1200/3000] total=1.314e-01 pde=4.950e-02 ic=7.509e-02 bc=6.852e-03 lr=5.00e-04 q_grad_norm=1.043e-02 t=465.0s
23:30:12 | INFO    | [Adam  1300/3000] total=1.300e-01 pde=4.915e-02 ic=7.433e-02 bc=6.533e-03 lr=5.00e-04 q_grad_norm=9.466e-03 t=546.2s
23:31:31 | INFO    | [Adam  1400/3000] total=1.287e-01 pde=4.861e-02 ic=7.389e-02 bc=6.198e-03 lr=5.00e-04 q_grad_norm=8.292e-03 t=626.1s
23:32:53 | INFO    | [Adam  1500/3000] total=1.275e-01 pde=4.806e-02 ic=7.355e-02 bc=5.840e-03 lr=2.50e-04 q_grad_norm=7.161e-03 t=707.2s
23:34:15 | INFO    | [Adam  1600/3000] total=1.268e-01 pde=4.781e-02 ic=7.337e-02 bc=5.646e-03 lr=2.50e-04 q_grad_norm=6.735e-03 t=789.3s
23:35:35 | INFO    | [Adam  1700/3000] total=1.262e-01 pde=4.756e-02 ic=7.318e-02 bc=5.441e-03 lr=2.50e-04 q_grad_norm=6.418e-03 t=870.0s
23:36:57 | INFO    | [Adam  1800/3000] total=1.255e-01 pde=4.733e-02 ic=7.297e-02 bc=5.227e-03 lr=2.50e-04 q_grad_norm=6.222e-03 t=951.2s
23:38:10 | INFO    | [Adam  1900/3000] total=1.249e-01 pde=4.711e-02 ic=7.275e-02 bc=5.008e-03 lr=2.50e-04 q_grad_norm=6.129e-03 t=1025.1s
23:39:30 | INFO    | [Adam  2000/3000] total=1.242e-01 pde=4.691e-02 ic=7.251e-02 bc=4.791e-03 lr=2.50e-04 q_grad_norm=6.112e-03 t=1104.1s
23:40:49 | INFO    | [Adam  2100/3000] total=1.236e-01 pde=4.671e-02 ic=7.227e-02 bc=4.581e-03 lr=2.50e-04 q_grad_norm=6.128e-03 t=1183.7s
23:42:07 | INFO    | [Adam  2200/3000] total=1.229e-01 pde=4.652e-02 ic=7.201e-02 bc=4.387e-03 lr=2.50e-04 q_grad_norm=6.135e-03 t=1261.3s
23:43:24 | INFO    | [Adam  2300/3000] total=1.224e-01 pde=4.637e-02 ic=7.181e-02 bc=4.252e-03 lr=1.25e-04 q_grad_norm=6.121e-03 t=1338.6s
23:44:44 | INFO    | [Adam  2400/3000] total=1.221e-01 pde=4.626e-02 ic=7.168e-02 bc=4.169e-03 lr=1.25e-04 q_grad_norm=6.095e-03 t=1418.3s
23:45:22 | INFO    | [Adam  2500/3000] total=1.218e-01 pde=4.614e-02 ic=7.154e-02 bc=4.089e-03 lr=1.25e-04 q_grad_norm=6.056e-03 t=1456.2s
23:45:54 | INFO    | [Adam  2600/3000] total=1.214e-01 pde=4.601e-02 ic=7.140e-02 bc=4.013e-03 lr=1.25e-04 q_grad_norm=5.998e-03 t=1489.0s
23:46:27 | INFO    | [Adam  2700/3000] total=1.211e-01 pde=4.587e-02 ic=7.126e-02 bc=3.940e-03 lr=1.25e-04 q_grad_norm=5.928e-03 t=1521.6s
23:47:00 | INFO    | [Adam  2800/3000] total=1.207e-01 pde=4.572e-02 ic=7.111e-02 bc=3.871e-03 lr=1.25e-04 q_grad_norm=5.852e-03 t=1554.5s
23:47:34 | INFO    | [Adam  2900/3000] total=1.203e-01 pde=4.556e-02 ic=7.096e-02 bc=3.803e-03 lr=1.25e-04 q_grad_norm=5.774e-03 t=1588.6s
23:48:10 | INFO    | [Adam  3000/3000] total=1.199e-01 pde=4.538e-02 ic=7.082e-02 bc=3.737e-03 lr=6.25e-05 q_grad_norm=5.703e-03 t=1624.7s
23:48:10 | INFO    | Phase 2/2: L-BFGS — up to 300 iterations
23:48:11 | INFO    | [LBFGS     1] total=1.199e-01 pde=4.537e-02 ic=7.082e-02 bc=3.736e-03 q_grad_norm=5.702e-03 t=0.4s
23:48:47 | INFO    | [LBFGS   100] total=1.066e-01 pde=4.075e-02 ic=6.428e-02 bc=1.592e-03 q_grad_norm=7.276e-02 t=36.5s
23:49:24 | INFO    | [LBFGS   200] total=9.789e-02 pde=3.898e-02 ic=5.799e-02 bc=9.168e-04 q_grad_norm=1.365e-02 t=73.8s
23:50:05 | INFO    | [LBFGS   300] total=9.303e-02 pde=3.780e-02 ic=5.466e-02 bc=5.792e-04 q_grad_norm=7.802e-02 t=115.2s
23:50:16 | INFO    | Training complete. Total time: 1750.9s (Adam: 1624.7s, LBFGS: 126.0s). Best total loss: 9.220e-02
23:50:21 | INFO    | Evaluation metrics:
23:50:21 | INFO    |   l2_relative_error: 0.44367587020773047
23:50:21 | INFO    |   max_abs_error: 0.9882715270783143
23:50:21 | INFO    |   mean_abs_error: 0.16967461354794133
23:50:21 | INFO    |   shock_region_l2_relative_error: 0.7318752673775099
23:50:21 | INFO    |   shock_region_max_abs_error: 0.961142043994702
23:50:21 | INFO    |   pde_residual_mean_abs: 0.13740256428718567
23:50:21 | INFO    |   pde_residual_max_abs: 1.7497220039367676
23:50:21 | INFO    |   pde_residual_rmse: 0.19535373151302338
23:50:21 | INFO    |   fourier_spectrum_l2_relative_error: 0.23876032828382526
23:50:21 | INFO    |   num_trainable_parameters: 107
23:50:21 | INFO    | Metrics saved to outputs\metrics\preprocessed_amplitude_seed99_metrics.json
23:50:21 | INFO    | Generating figures...
23:50:23 | INFO    | Figures saved to outputs\figures\preprocessed_amplitude_seed99/
23:50:23 | INFO    | ======================================================================
23:50:23 | INFO    | SUMMARY — Model B (QAPINN)
23:50:23 | INFO    | ======================================================================
23:50:23 | INFO    | L2 relative error (global):        4.4368e-01
23:50:23 | INFO    | L2 relative error (shock region):  7.3188e-01
23:50:23 | INFO    | Max absolute error:                9.8827e-01
23:50:23 | INFO    | PDE residual RMSE:                 1.9535e-01
23:50:23 | INFO    | Fourier spectrum L2 error:          2.3876e-01
23:50:23 | INFO    | Trainable parameters:                107
23:50:23 | INFO    | Full metrics JSON: outputs\metrics\preprocessed_amplitude_seed99_metrics.json
23:50:23 | INFO    | Compare this against outputs/metrics/model_a_classical_pinn_metrics.json
