19:10:06 | INFO    | ======================================================================
19:10:06 | INFO    | MODEL B — Quantum-Assisted PINN (QAPINN) — Burgers' Equation
19:10:06 | INFO    | ======================================================================
19:10:06 | INFO    | Device: cpu
19:10:06 | INFO    | Quantum config: 4 qubits, depth=3, encoding=amplitude, entanglement=circular, input_mode=preprocessed
19:10:06 | INFO    | Loaded cached reference solution from outputs\reference\burgers_reference.npz
19:10:06 | INFO    | Sampling training points: 4000 collocation, 200 IC, 200x2 BC
19:10:06 | INFO    | Trainable parameters: 107
19:10:09 | INFO    | Phase 1/2: Adam — epochs 1..3000, lr=0.001 | early stopping: disabled
19:10:09 | INFO    | [Adam     1/3000] total=5.081e-01 pde=2.045e-04 ic=4.895e-01 bc=1.846e-02 lr=1.00e-03 q_grad_norm=1.404e-01 t=3.6s
19:10:39 | INFO    | [Adam   100/3000] total=4.384e-01 pde=5.876e-04 ic=4.358e-01 bc=1.943e-03 lr=1.00e-03 q_grad_norm=4.674e-02 t=33.4s
19:11:12 | INFO    | [Adam   200/3000] total=3.534e-01 pde=3.414e-02 ic=2.838e-01 bc=3.545e-02 lr=1.00e-03 q_grad_norm=1.781e-02 t=65.6s
19:11:47 | INFO    | [Adam   300/3000] total=2.602e-01 pde=3.469e-02 ic=1.899e-01 bc=3.557e-02 lr=1.00e-03 q_grad_norm=6.960e-02 t=101.2s
19:12:22 | INFO    | [Adam   400/3000] total=1.693e-01 pde=5.185e-02 ic=1.059e-01 bc=1.160e-02 lr=1.00e-03 q_grad_norm=4.252e-02 t=135.7s
19:13:40 | INFO    | [Adam   500/3000] total=1.453e-01 pde=5.279e-02 ic=8.475e-02 bc=7.747e-03 lr=1.00e-03 q_grad_norm=1.732e-02 t=214.1s
19:15:07 | INFO    | [Adam   600/3000] total=1.388e-01 pde=5.060e-02 ic=8.122e-02 bc=7.027e-03 lr=1.00e-03 q_grad_norm=1.939e-02 t=300.8s
19:16:31 | INFO    | [Adam   700/3000] total=1.306e-01 pde=4.925e-02 ic=7.542e-02 bc=5.974e-03 lr=1.00e-03 q_grad_norm=1.556e-02 t=385.4s
19:18:02 | INFO    | [Adam   800/3000] total=1.271e-01 pde=4.911e-02 ic=7.251e-02 bc=5.486e-03 lr=5.00e-04 q_grad_norm=1.036e-02 t=475.8s
19:19:32 | INFO    | [Adam   900/3000] total=1.257e-01 pde=4.903e-02 ic=7.134e-02 bc=5.292e-03 lr=5.00e-04 q_grad_norm=8.872e-03 t=566.1s
19:20:57 | INFO    | [Adam  1000/3000] total=1.244e-01 pde=4.893e-02 ic=7.038e-02 bc=5.136e-03 lr=5.00e-04 q_grad_norm=8.260e-03 t=651.4s
19:22:25 | INFO    | [Adam  1100/3000] total=1.232e-01 pde=4.878e-02 ic=6.949e-02 bc=4.984e-03 lr=5.00e-04 q_grad_norm=8.276e-03 t=739.5s
19:23:45 | INFO    | [Adam  1200/3000] total=1.219e-01 pde=4.848e-02 ic=6.858e-02 bc=4.804e-03 lr=5.00e-04 q_grad_norm=8.728e-03 t=818.8s
19:25:06 | INFO    | [Adam  1300/3000] total=1.201e-01 pde=4.793e-02 ic=6.761e-02 bc=4.567e-03 lr=5.00e-04 q_grad_norm=8.966e-03 t=899.7s
19:26:26 | INFO    | [Adam  1400/3000] total=1.180e-01 pde=4.713e-02 ic=6.661e-02 bc=4.253e-03 lr=5.00e-04 q_grad_norm=8.384e-03 t=979.9s
19:27:48 | INFO    | [Adam  1500/3000] total=1.158e-01 pde=4.626e-02 ic=6.568e-02 bc=3.890e-03 lr=2.50e-04 q_grad_norm=7.090e-03 t=1062.3s
19:29:11 | INFO    | [Adam  1600/3000] total=1.149e-01 pde=4.586e-02 ic=6.529e-02 bc=3.719e-03 lr=2.50e-04 q_grad_norm=6.421e-03 t=1144.7s
19:30:34 | INFO    | [Adam  1700/3000] total=1.140e-01 pde=4.546e-02 ic=6.495e-02 bc=3.568e-03 lr=2.50e-04 q_grad_norm=5.872e-03 t=1228.1s
19:32:00 | INFO    | [Adam  1800/3000] total=1.132e-01 pde=4.507e-02 ic=6.468e-02 bc=3.438e-03 lr=2.50e-04 q_grad_norm=5.483e-03 t=1314.4s
19:33:19 | INFO    | [Adam  1900/3000] total=1.124e-01 pde=4.468e-02 ic=6.445e-02 bc=3.324e-03 lr=2.50e-04 q_grad_norm=5.187e-03 t=1392.6s
19:34:40 | INFO    | [Adam  2000/3000] total=1.118e-01 pde=4.431e-02 ic=6.424e-02 bc=3.219e-03 lr=2.50e-04 q_grad_norm=4.919e-03 t=1474.4s
19:36:04 | INFO    | [Adam  2100/3000] total=1.111e-01 pde=4.396e-02 ic=6.404e-02 bc=3.120e-03 lr=2.50e-04 q_grad_norm=4.647e-03 t=1558.5s
19:37:23 | INFO    | [Adam  2200/3000] total=1.105e-01 pde=4.366e-02 ic=6.384e-02 bc=3.022e-03 lr=2.50e-04 q_grad_norm=4.357e-03 t=1637.4s
19:38:45 | INFO    | [Adam  2300/3000] total=1.101e-01 pde=4.345e-02 ic=6.368e-02 bc=2.950e-03 lr=1.25e-04 q_grad_norm=4.126e-03 t=1719.4s
19:40:08 | INFO    | [Adam  2400/3000] total=1.098e-01 pde=4.333e-02 ic=6.358e-02 bc=2.901e-03 lr=1.25e-04 q_grad_norm=3.960e-03 t=1801.8s
19:41:29 | INFO    | [Adam  2500/3000] total=1.095e-01 pde=4.321e-02 ic=6.347e-02 bc=2.852e-03 lr=1.25e-04 q_grad_norm=3.781e-03 t=1883.4s
19:42:51 | INFO    | [Adam  2600/3000] total=1.093e-01 pde=4.310e-02 ic=6.336e-02 bc=2.804e-03 lr=1.25e-04 q_grad_norm=3.583e-03 t=1965.3s
19:44:14 | INFO    | [Adam  2700/3000] total=1.090e-01 pde=4.299e-02 ic=6.326e-02 bc=2.755e-03 lr=1.25e-04 q_grad_norm=3.384e-03 t=2047.7s
19:45:37 | INFO    | [Adam  2800/3000] total=1.087e-01 pde=4.289e-02 ic=6.315e-02 bc=2.707e-03 lr=1.25e-04 q_grad_norm=3.171e-03 t=2131.4s
19:47:01 | INFO    | [Adam  2900/3000] total=1.085e-01 pde=4.279e-02 ic=6.305e-02 bc=2.660e-03 lr=1.25e-04 q_grad_norm=2.951e-03 t=2215.0s
19:48:25 | INFO    | [Adam  3000/3000] total=1.083e-01 pde=4.270e-02 ic=6.295e-02 bc=2.614e-03 lr=6.25e-05 q_grad_norm=2.730e-03 t=2299.6s
19:48:25 | INFO    | Phase 2/2: L-BFGS — up to 300 iterations
19:48:26 | INFO    | [LBFGS     1] total=1.083e-01 pde=4.270e-02 ic=6.295e-02 bc=2.614e-03 q_grad_norm=2.732e-03 t=0.9s
19:49:49 | INFO    | [LBFGS   100] total=9.558e-02 pde=3.933e-02 ic=5.504e-02 bc=1.203e-03 q_grad_norm=5.953e-02 t=83.6s
19:51:12 | INFO    | [LBFGS   200] total=9.093e-02 pde=3.770e-02 ic=5.262e-02 bc=6.107e-04 q_grad_norm=3.593e-02 t=166.2s
19:52:35 | INFO    | [LBFGS   300] total=8.850e-02 pde=3.505e-02 ic=5.279e-02 bc=6.595e-04 q_grad_norm=4.381e-02 t=249.1s
19:52:57 | INFO    | Training complete. Total time: 2571.6s (Adam: 2299.6s, LBFGS: 271.6s). Best total loss: 8.783e-02
19:53:08 | INFO    | Evaluation metrics:
19:53:08 | INFO    |   l2_relative_error: 0.4284402444618817
19:53:08 | INFO    |   max_abs_error: 0.9593380896573261
19:53:08 | INFO    |   mean_abs_error: 0.1592635424062689
19:53:08 | INFO    |   shock_region_l2_relative_error: 0.6777483019659063
19:53:08 | INFO    |   shock_region_max_abs_error: 0.9165126489864804
19:53:08 | INFO    |   pde_residual_mean_abs: 0.13538354635238647
19:53:08 | INFO    |   pde_residual_max_abs: 1.7308217287063599
19:53:08 | INFO    |   pde_residual_rmse: 0.19730307161808014
19:53:08 | INFO    |   fourier_spectrum_l2_relative_error: 0.24425512916579273
19:53:08 | INFO    |   num_trainable_parameters: 107
19:53:08 | INFO    | Metrics saved to outputs\metrics\preprocessed_amplitude_metrics.json
19:53:08 | INFO    | Generating figures...
19:53:16 | INFO    | Figures saved to outputs\figures\preprocessed_amplitude/
19:53:16 | INFO    | ======================================================================
19:53:16 | INFO    | SUMMARY — Model B (QAPINN)
19:53:16 | INFO    | ======================================================================
19:53:16 | INFO    | L2 relative error (global):        4.2844e-01
19:53:16 | INFO    | L2 relative error (shock region):  6.7775e-01
19:53:16 | INFO    | Max absolute error:                9.5934e-01
19:53:16 | INFO    | PDE residual RMSE:                 1.9730e-01
19:53:16 | INFO    | Fourier spectrum L2 error:          2.4426e-01
19:53:16 | INFO    | Trainable parameters:                107
19:53:16 | INFO    | Full metrics JSON: outputs\metrics\preprocessed_amplitude_metrics.json
19:53:16 | INFO    | Compare this against outputs/metrics/model_a_classical_pinn_metrics.json
